[DATA_POINT]
1="HTTP_302"
2="tcp_connect"
3="tcp_connection_count"
4="mic_recv"
5="HTTP_200"
6="tcp_shutdown"
7="RETRY_KEEP_ALIVE"
[END_TRANSACTION]
1="vuser_init_Transaction"
2="http://automationpractice.com/index.php?controller=authentication&back=my-account"
3="http://fonts.googleapis.com/css?family=Open+Sans:300,600&subset=latin,latin-ext"
4="http://automationpractice.com/themes/default-bootstrap/css/autoload/responsive-tables.css"
5="http://automationpractice.com/themes/default-bootstrap/css/autoload/uniform.default.css"
6="http://automationpractice.com/themes/default-bootstrap/css/authentication.css"
7="http://automationpractice.com/js/jquery/plugins/fancybox/jquery.fancybox.css"
8="http://automationpractice.com/themes/default-bootstrap/css/autoload/highdpi.css"
9="http://automationpractice.com/themes/default-bootstrap/css/modules/blockbanner/blockbanner.css"
100="http://automationpractice.com/img/p/1/0/10-small_default.jpg"
101="http://automationpractice.com/img/p/1/2/12-small_default.jpg"
102="My_wishlists_Action_106"
103="3_wishlist"
104="http://automationpractice.com/index.php?rand=1645606426876"
105="index.php_3_Action_104"
106="3_choose_clothes"
107="http://automationpractice.com/themes/default-bootstrap/css/addresses.css"
108="http://automationpractice.com/index.php?controller=order"
109="http://automationpractice.com/img/p/1/0/10-cart_default.jpg"
110="http://automationpractice.com/themes/default-bootstrap/js/cart-summary.js"
111="index.php_4_Action_129"
112="index.php_3_Action_124"
113="4_add_wishlist"
114="http://automationpractice.com/index.php?mylogout="
115="http://automationpractice.com/index.php?controller=order&step=1"
116="http://automationpractice.com/themes/default-bootstrap/js/order-address.js"
117="Proceed_to_checkout_Action_159"
118="http://automationpractice.com/index.php?controller=addresses"
119="My_addresses_Action_70"
120="3_adress"
121="http://automationpractice.com/index.php?controller=authentication&back=http%3A%2F%2Fautomationpractice.com%2Findex.php%3Ffc%3Dmodule%26module%3Dblockwishlist%26controller%3Dmywishlist"
122="Sign_out_Action_146"
123="5_logout"
124="Action_Transaction"
125="http://automationpractice.com/themes/default-bootstrap/js/order-carrier.js"
126="http://automationpractice.com/img/s/2.jpg"
127="index.php_5_Action_189"
128="http://automationpractice.com/index.php?controller=address"
129="Add_a_new_address_Action_89"
130="index.php_3_Action_100"
131="4_new_adress"
132="http://automationpractice.com/index.php?controller=order&multi-shipping="
133="index.php_6_Action_226"
134="http://automationpractice.com/index.php?fc=module&module=bankwire&controller=payment"
135="Pay_by_bank_wire_(order_Action_261"
136="http://automationpractice.com/index.php?controller=authentication&back=addresses"
137="Sign_out_Action_137"
138="http://automationpractice.com/index.php?fc=module&module=bankwire&controller=validation"
139="http://automationpractice.com/index.php?controller=order-confirmation&id_cart=4281769&id_module=3&id_order=406472&key=2f13eaba89bc90acb1971431caf0f730"
140="index.php_7_Action_335"
141="4_checkout"
142="http://automationpractice.com/index.php?controller=history"
143="http://automationpractice.com/index.php?controller=authentication&back=history"
144="Sign_out_Action_355"
145="http://automationpractice.com/index.php?controller=order-confirmation&id_cart=4281780&id_module=3&id_order=406473&key=2f13eaba89bc90acb1971431caf0f730"
146="http://automationpractice.com/index.php?controller=order-confirmation&id_cart=4281788&id_module=3&id_order=406474&key=2f13eaba89bc90acb1971431caf0f730"
147="http://automationpractice.com/index.php?controller=order-confirmation&id_cart=4281796&id_module=3&id_order=406475&key=2f13eaba89bc90acb1971431caf0f730"
148="http://automationpractice.com/index.php?controller=order-confirmation&id_cart=4281801&id_module=3&id_order=406476&key=2f13eaba89bc90acb1971431caf0f730"
149="http://automationpractice.com/index.php?controller=order-confirmation&id_cart=4281811&id_module=3&id_order=406477&key=2f13eaba89bc90acb1971431caf0f730"
150="http://automationpractice.com/index.php?controller=order-confirmation&id_cart=4281821&id_module=3&id_order=406478&key=2f13eaba89bc90acb1971431caf0f730"
151="http://automationpractice.com/index.php?controller=order-confirmation&id_cart=4281832&id_module=3&id_order=406479&key=2f13eaba89bc90acb1971431caf0f730"
152="http://automationpractice.com/index.php?controller=order-confirmation&id_cart=4281841&id_module=3&id_order=406480&key=2f13eaba89bc90acb1971431caf0f730"
153="http://automationpractice.com/index.php?controller=order-confirmation&id_cart=4281852&id_module=3&id_order=406483&key=2f13eaba89bc90acb1971431caf0f730"
154="http://automationpractice.com/index.php?controller=order-confirmation&id_cart=4281864&id_module=3&id_order=406485&key=2f13eaba89bc90acb1971431caf0f730"
155="http://automationpractice.com/index.php?controller=order-confirmation&id_cart=4281877&id_module=3&id_order=406487&key=2f13eaba89bc90acb1971431caf0f730"
156="http://automationpractice.com/index.php?controller=order-confirmation&id_cart=4281893&id_module=3&id_order=406491&key=2f13eaba89bc90acb1971431caf0f730"
157="http://automationpractice.com/index.php?controller=order-confirmation&id_cart=4281905&id_module=3&id_order=406493&key=2f13eaba89bc90acb1971431caf0f730"
158="http://automationpractice.com/index.php?controller=order-confirmation&id_cart=4281921&id_module=3&id_order=406496&key=2f13eaba89bc90acb1971431caf0f730"
159="http://automationpractice.com/index.php?controller=order-confirmation&id_cart=4281936&id_module=3&id_order=406498&key=2f13eaba89bc90acb1971431caf0f730"
160="http://automationpractice.com/index.php?controller=order-confirmation&id_cart=4281955&id_module=3&id_order=406501&key=2f13eaba89bc90acb1971431caf0f730"
161="http://automationpractice.com/index.php?controller=order-confirmation&id_cart=4281970&id_module=3&id_order=406504&key=2f13eaba89bc90acb1971431caf0f730"
162="http://automationpractice.com/index.php?controller=order-confirmation&id_cart=4281989&id_module=3&id_order=406507&key=2f13eaba89bc90acb1971431caf0f730"
163="http://automationpractice.com/index.php?controller=order-confirmation&id_cart=4282010&id_module=3&id_order=406510&key=2f13eaba89bc90acb1971431caf0f730"
164="http://automationpractice.com/index.php?controller=order-confirmation&id_cart=4282029&id_module=3&id_order=406513&key=2f13eaba89bc90acb1971431caf0f730"
165="http://automationpractice.com/index.php?controller=order-confirmation&id_cart=4282047&id_module=3&id_order=406518&key=2f13eaba89bc90acb1971431caf0f730"
166="http://automationpractice.com/index.php?controller=order-confirmation&id_cart=4282074&id_module=3&id_order=406524&key=2f13eaba89bc90acb1971431caf0f730"
167="http://automationpractice.com/index.php?controller=order-confirmation&id_cart=4282115&id_module=3&id_order=406528&key=2f13eaba89bc90acb1971431caf0f730"
168="http://automationpractice.com/index.php?controller=order-confirmation&id_cart=4282137&id_module=3&id_order=406532&key=2f13eaba89bc90acb1971431caf0f730"
169="vuser_end_Transaction"
170="http://automationpractice.com/index.php?controller=order-confirmation&id_cart=4282163&id_module=3&id_order=406538&key=2f13eaba89bc90acb1971431caf0f730"
10="http://automationpractice.com/themes/default-bootstrap/css/modules/blockcart/blockcart.css"
11="http://automationpractice.com/themes/default-bootstrap/css/modules/blockcategories/blockcategories.css"
12="http://automationpractice.com/themes/default-bootstrap/css/modules/blocklanguages/blocklanguages.css"
13="http://automationpractice.com/themes/default-bootstrap/css/modules/blockcurrencies/blockcurrencies.css"
14="http://automationpractice.com/themes/default-bootstrap/css/modules/blockcontact/blockcontact.css"
15="http://automationpractice.com/themes/default-bootstrap/css/modules/blocknewsletter/blocknewsletter.css"
16="http://automationpractice.com/js/jquery/plugins/autocomplete/jquery.autocomplete.css"
17="http://automationpractice.com/themes/default-bootstrap/css/modules/blocksearch/blocksearch.css"
18="http://automationpractice.com/themes/default-bootstrap/css/modules/blockviewed/blockviewed.css"
19="http://automationpractice.com/themes/default-bootstrap/css/modules/blocktags/blocktags.css"
20="http://automationpractice.com/themes/default-bootstrap/css/modules/blockuserinfo/blockuserinfo.css"
21="http://automationpractice.com/themes/default-bootstrap/css/product_list.css"
22="http://automationpractice.com/modules/themeconfigurator/css/hooks.css"
23="http://automationpractice.com/themes/default-bootstrap/css/global.css"
24="http://automationpractice.com/themes/default-bootstrap/css/modules/productcomments/productcomments.css"
25="http://automationpractice.com/themes/default-bootstrap/css/modules/blocktopmenu/css/blocktopmenu.css"
26="http://automationpractice.com/themes/default-bootstrap/css/modules/blockwishlist/blockwishlist.css"
27="http://automationpractice.com/themes/default-bootstrap/css/modules/blocktopmenu/css/superfish-modified.css"
28="http://automationpractice.com/js/jquery/jquery-migrate-1.2.1.min.js"
29="http://automationpractice.com/js/jquery/plugins/jquery.easing.js"
30="http://automationpractice.com/js/tools.js"
31="http://automationpractice.com/themes/default-bootstrap/js/global.js"
32="http://automationpractice.com/themes/default-bootstrap/js/autoload/15-jquery.total-storage.min.js"
33="http://automationpractice.com/js/jquery/plugins/fancybox/jquery.fancybox.js"
34="http://automationpractice.com/themes/default-bootstrap/js/products-comparison.js"
35="http://automationpractice.com/themes/default-bootstrap/js/autoload/10-bootstrap.min.js"
36="http://automationpractice.com/js/jquery/plugins/jquery.typewatch.js"
37="http://automationpractice.com/js/jquery/jquery-1.11.0.min.js"
38="http://automationpractice.com/themes/default-bootstrap/js/autoload/15-jquery.uniform-modified.js"
39="http://automationpractice.com/themes/default-bootstrap/js/tools/vatManagement.js"
40="http://automationpractice.com/themes/default-bootstrap/js/tools/statesManagement.js"
41="http://automationpractice.com/themes/default-bootstrap/js/authentication.js"
42="http://automationpractice.com/js/validate.js"
43="http://automationpractice.com/js/jquery/plugins/jquery.scrollTo.js"
44="http://automationpractice.com/themes/default-bootstrap/js/modules/blockcart/ajax-cart.js"
45="http://automationpractice.com/js/jquery/plugins/jquery.serialScroll.js"
46="http://automationpractice.com/js/jquery/plugins/bxslider/jquery.bxslider.js"
47="http://automationpractice.com/themes/default-bootstrap/js/tools/treeManagement.js"
48="http://automationpractice.com/themes/default-bootstrap/js/modules/blocknewsletter/blocknewsletter.js"
49="http://automationpractice.com/js/jquery/plugins/autocomplete/jquery.autocomplete.js"
50="http://automationpractice.com/themes/default-bootstrap/js/modules/blocksearch/blocksearch.js"
51="http://automationpractice.com/themes/default-bootstrap/js/modules/blockwishlist/js/ajax-wishlist.js"
52="http://automationpractice.com/themes/default-bootstrap/js/modules/blocktopmenu/js/hoverIntent.js"
53="http://automationpractice.com/themes/default-bootstrap/js/modules/blocktopmenu/js/superfish-modified.js"
54="http://automationpractice.com/themes/default-bootstrap/js/modules/blocktopmenu/js/blocktopmenu.js"
55="http://automationpractice.com/modules/blockbanner/img/sale70.png"
56="http://automationpractice.com/img/c/3-0_thumb.jpg"
57="http://automationpractice.com/img/logo.jpg"
58="http://automationpractice.com/img/c/3-1_thumb.jpg"
59="index.php_Action_25"
60="1_begin"
61="http://automationpractice.com/index.php?controller=authentication"
62="index.php_Action_12"
63="index.php_Action_42"
64="http://automationpractice.com/themes/default-bootstrap/css/my-account.css"
65="http://automationpractice.com/index.php?controller=my-account"
66="index.php_2_Action_60"
67="2_login"
68="http://automationpractice.com/themes/default-bootstrap/css/category.css"
69="http://automationpractice.com/index.php?id_category=8&controller=category"
70="http://automationpractice.com/js/jquery/ui/themes/base/jquery.ui.core.css"
71="http://automationpractice.com/themes/default-bootstrap/css/scenes.css"
72="http://automationpractice.com/js/jquery/ui/themes/base/jquery.ui.slider.css"
73="http://automationpractice.com/themes/default-bootstrap/css/modules/blocklayered/blocklayered.css"
74="http://automationpractice.com/js/jquery/ui/themes/base/jquery.ui.theme.css"
75="http://automationpractice.com/themes/default-bootstrap/js/category.js"
76="http://automationpractice.com/js/jquery/ui/jquery.ui.mouse.min.js"
77="http://automationpractice.com/js/jquery/ui/jquery.ui.core.min.js"
78="http://automationpractice.com/js/jquery/ui/jquery.ui.widget.min.js"
79="http://automationpractice.com/img/p/2/0/20-small_default.jpg"
80="http://automationpractice.com/img/loader.gif"
81="http://automationpractice.com/themes/default-bootstrap/js/modules/blocklayered/blocklayered.js"
82="http://automationpractice.com/modules/blockstore/store.jpg"
83="http://automationpractice.com/img/c/9-medium_default.jpg"
84="http://automationpractice.com/img/c/10-medium_default.jpg"
85="http://automationpractice.com/img/p/8/8-home_default.jpg"
86="http://automationpractice.com/img/c/11-medium_default.jpg"
87="http://automationpractice.com/img/p/1/0/10-home_default.jpg"
88="http://automationpractice.com/img/p/1/2/12-home_default.jpg"
89="http://automationpractice.com/img/p/1/6/16-home_default.jpg"
90="http://automationpractice.com/img/p/2/0/20-home_default.jpg"
91="http://automationpractice.com/js/jquery/ui/jquery.ui.slider.min.js"
92="Dresses_Action_84"
93="index.php_2_Action_86"
94="index.php_2_Action_46"
95="http://automationpractice.com/index.php?fc=module&module=blockwishlist&controller=mywishlist"
96="http://automationpractice.com/img/p/1/6/16-small_default.jpg"
97="http://automationpractice.com/img/p/1/1-small_default.jpg"
98="http://automationpractice.com/img/p/7/7-small_default.jpg"
99="http://automationpractice.com/img/p/8/8-small_default.jpg"
